共 200 张图 × 5 配置（原图）
[32mModel files already exist. Using cached files. To redownload, please delete the directory manually: `C:\Users\86155\.paddlex\official_models\PP-OCRv6_small_rec`.[0m
信息: 用提供的模式无法找到文件。
D:\miniconda3\envs\scene-text\Lib\site-packages\paddle\utils\cpp_extension\extension_utils.py:712: UserWarning: No ccache found. Please be aware that recompiling all source files may be required. You can download and install ccache from: https://github.com/ccache/ccache/blob/master/doc/INSTALL.md
  warnings.warn(warning_message)
无预处理: char=0.8982 line=0.8150 avg=0.141s
仅去噪: char=0.8825 line=0.7600 avg=0.099s
仅CLAHE: char=0.8617 line=0.6950 avg=0.132s
仅锐化: char=0.8849 line=0.7800 avg=0.136s
全开（默认）: char=0.7643 line=0.5500 avg=0.130s
结果已写入 data\results\ablation_results.md
=== clean done ===
共 200 张图 × 4 配置（退化图（模糊+噪声+低对比））
[32mModel files already exist. Using cached files. To redownload, please delete the directory manually: `C:\Users\86155\.paddlex\official_models\PP-OCRv6_small_rec`.[0m
信息: 用提供的模式无法找到文件。
D:\miniconda3\envs\scene-text\Lib\site-packages\paddle\utils\cpp_extension\extension_utils.py:712: UserWarning: No ccache found. Please be aware that recompiling all source files may be required. You can download and install ccache from: https://github.com/ccache/ccache/blob/master/doc/INSTALL.md
  warnings.warn(warning_message)
无预处理: char=0.4250 line=0.2650 avg=0.160s
全开（默认）: char=0.3943 line=0.2300 avg=0.114s
仅去噪: char=0.5936 line=0.3800 avg=0.116s
仅CLAHE: char=0.4215 line=0.2400 avg=0.114s
结果已写入 data\results\ablation_degraded.md
=== degraded done ===
共 200 张图 × 2 配置（低对比图（×0.45 -30））
[32mModel files already exist. Using cached files. To redownload, please delete the directory manually: `C:\Users\86155\.paddlex\official_models\PP-OCRv6_small_rec`.[0m
信息: 用提供的模式无法找到文件。
D:\miniconda3\envs\scene-text\Lib\site-packages\paddle\utils\cpp_extension\extension_utils.py:712: UserWarning: No ccache found. Please be aware that recompiling all source files may be required. You can download and install ccache from: https://github.com/ccache/ccache/blob/master/doc/INSTALL.md
  warnings.warn(warning_message)
无预处理: char=0.8836 line=0.7850 avg=0.323s
仅CLAHE: char=0.8466 line=0.6900 avg=0.247s
结果已写入 data\results\ablation_lowcontrast.md
=== lowcontrast done ===
共 200 张图 × 2 配置（重模糊图（9×9 σ=2.5））
[32mModel files already exist. Using cached files. To redownload, please delete the directory manually: `C:\Users\86155\.paddlex\official_models\PP-OCRv6_small_rec`.[0m
信息: 用提供的模式无法找到文件。
D:\miniconda3\envs\scene-text\Lib\site-packages\paddle\utils\cpp_extension\extension_utils.py:712: UserWarning: No ccache found. Please be aware that recompiling all source files may be required. You can download and install ccache from: https://github.com/ccache/ccache/blob/master/doc/INSTALL.md
  warnings.warn(warning_message)
无预处理: char=0.6462 line=0.4200 avg=0.162s
仅锐化: char=0.5599 line=0.3500 avg=0.117s
结果已写入 data\results\ablation_blur.md
=== blur done ===
共 200 张图 × 2 配置（倾斜图（±12°））
[32mModel files already exist. Using cached files. To redownload, please delete the directory manually: `C:\Users\86155\.paddlex\official_models\PP-OCRv6_small_rec`.[0m
信息: 用提供的模式无法找到文件。
D:\miniconda3\envs\scene-text\Lib\site-packages\paddle\utils\cpp_extension\extension_utils.py:712: UserWarning: No ccache found. Please be aware that recompiling all source files may be required. You can download and install ccache from: https://github.com/ccache/ccache/blob/master/doc/INSTALL.md
  warnings.warn(warning_message)
无预处理: char=0.8921 line=0.8050 avg=0.166s
仅倾斜校正: char=0.3190 line=0.2500 avg=0.117s
结果已写入 data\results\ablation_skew.md
=== skew done ===
共 200 张图 × 2 配置（小字图（缩小 2 倍））
[32mModel files already exist. Using cached files. To redownload, please delete the directory manually: `C:\Users\86155\.paddlex\official_models\PP-OCRv6_small_rec`.[0m
信息: 用提供的模式无法找到文件。
D:\miniconda3\envs\scene-text\Lib\site-packages\paddle\utils\cpp_extension\extension_utils.py:712: UserWarning: No ccache found. Please be aware that recompiling all source files may be required. You can download and install ccache from: https://github.com/ccache/ccache/blob/master/doc/INSTALL.md
  warnings.warn(warning_message)
无预处理: char=0.8751 line=0.7450 avg=0.160s
仅放大: char=0.8690 line=0.7250 avg=0.114s
结果已写入 data\results\ablation_small.md
=== small done ===
